<html>
<body>
<pre>
<h1>µVision Build Log</h1>
<h2>Tool Versions:</h2>
IDE-Version: µVision V5.37.0.0
Copyright (C) 2022 ARM Ltd and ARM Germany GmbH. All rights reserved.
License Information: Gilles Depauw, Vives, LIC=----
 
Tool Versions:
Toolchain:       MDK-Lite  Version: 5.37.0.0
Toolchain Path:  C:\Keil_v5\ARM\ARMCLANG\Bin
C Compiler:      ArmClang.exe V6.18
Assembler:       Armasm.exe V6.18
Linker/Locator:  ArmLink.exe V6.18
Library Manager: ArmAr.exe V6.18
Hex Converter:   FromElf.exe V6.18
CPU DLL:         SARMCM3.DLL V5.37.0.0
Dialog DLL:      DARMCM1.DLL V1.19.6.0
Target DLL:      STLink\ST-LINKIII-KEIL_SWO.dll V3.0.9.0
Dialog DLL:      TARMCM1.DLL V1.14.6.0
 
<h2>Project:</h2>
C:\Users\gille\OneDrive - Hogeschool VIVES\Vives 2022-2023\Semester 2\PROJECT STEPS MODULE\Laser transmitter\MagnetProgram2\Nucleo-F091RC.uvprojx
Project File Date:  03/16/2023

<h2>Output:</h2>
*** Using Compiler 'V6.18', folder: 'C:\Keil_v5\ARM\ARMCLANG\Bin'
Rebuild target 'Nucleo-bord'
compiling magnetLeft.c...
compiling ad.c...
compiling buttons.c...
compiling magnetRight.c...
compiling usart2.c...
compiling leds.c...
compiling main.c...
compiling laserLeft.c...
compiling laserRight.c...
compiling motor.c...
assembling startup_stm32f091xc.s...
compiling system_stm32f0xx.c...
linking...
Program Size: Code=2736 RO-data=360 RW-data=4 ZI-data=1640  
".\Objects\Nucleo-F091RC.axf" - 0 Error(s), 0 Warning(s).

<h2>Software Packages used:</h2>

Package Vendor: ARM
                http://www.keil.com/pack/ARM.CMSIS.5.9.0.pack
                ARM.CMSIS.5.9.0
                CMSIS (Common Microcontroller Software Interface Standard)
   * Component: CORE Version: 5.6.0

Package Vendor: Keil
                http://www.keil.com/pack/Keil.STM32F0xx_DFP.2.0.0.pack
                Keil.STM32F0xx_DFP.2.0.0
                STMicroelectronics STM32F0 Series Device Support, Drivers and Examples
   * Component: Startup Version: 1.0.0

<h2>Collection of Component include folders:</h2>
  ./RTE/_Nucleo-bord
  C:/Users/gille/AppData/Local/Arm/Packs/ARM/CMSIS/5.9.0/CMSIS/Core/Include
  C:/Users/gille/AppData/Local/Arm/Packs/Keil/STM32F0xx_DFP/2.0.0/Drivers/CMSIS/Device/ST/STM32F0xx/Include

<h2>Collection of Component Files used:</h2>

   * Component: ARM::CMSIS:CORE:5.6.0

   * Component: Keil.Standalone::Device:Startup:1.0.0
      Source file:   MDK/Device/Source/ARM/STM32F0xx_OPT.s
      Include file:  Drivers/CMSIS/Device/ST/STM32F0xx/Include/stm32f0xx.h
      Source file:   Drivers/CMSIS/Device/ST/STM32F0xx/Source/Templates/arm/startup_stm32f091xc.s
      Source file:   Drivers/CMSIS/Device/ST/STM32F0xx/Source/Templates/system_stm32f0xx.c
Build Time Elapsed:  00:00:01
</pre>
</body>
</html>
